Archive member included because of file (symbol)

../../../../ArduinoMicroCore\libcore.a(wiring.c.o)
                              ArduinoMicroToturial.o (delay)
../../../../ArduinoMicroCore\libcore.a(wiring_digital.c.o)
                              ArduinoMicroToturial.o (pinMode)
../../../../ArduinoMicroCore\libcore.a(CDC.cpp.o)
                              ArduinoMicroToturial.o (_ZN7Serial_5beginEm)
../../../../ArduinoMicroCore\libcore.a(main.cpp.o)
                              c:/program files (x86)/atmel/atmel toolchain/avr8 gcc/native/3.4.1056/avr8-gnu-toolchain/bin/../lib/gcc/avr/4.8.1/../../../../avr/lib/avr5/crtm32u4.o (main)
../../../../ArduinoMicroCore\libcore.a(new.cpp.o)
                              SoftwareSerial.o (__cxa_pure_virtual)
../../../../ArduinoMicroCore\libcore.a(Print.cpp.o)
                              SoftwareSerial.o (_ZN5Print5writeEPKhj)
../../../../ArduinoMicroCore\libcore.a(USBCore.cpp.o)
                              ../../../../ArduinoMicroCore\libcore.a(CDC.cpp.o) (_Z13USB_Availableh)
../../../../ArduinoMicroCore\libcore.a(malloc.c.o)
                              ../../../../ArduinoMicroCore\libcore.a(new.cpp.o) (malloc)
../../../../ArduinoMicroCore\libcore.a(HID.cpp.o)
                              ../../../../ArduinoMicroCore\libcore.a(USBCore.cpp.o) (_Z9HID_SetupR5Setup)
c:/program files (x86)/atmel/atmel toolchain/avr8 gcc/native/3.4.1056/avr8-gnu-toolchain/bin/../lib/gcc/avr/4.8.1/../../../../avr/lib/avr5\libm.a(addsf3.o)
                              ../../../../ArduinoMicroCore\libcore.a(Print.cpp.o) (__subsf3)
c:/program files (x86)/atmel/atmel toolchain/avr8 gcc/native/3.4.1056/avr8-gnu-toolchain/bin/../lib/gcc/avr/4.8.1/../../../../avr/lib/avr5\libm.a(addsf3x.o)
                              c:/program files (x86)/atmel/atmel toolchain/avr8 gcc/native/3.4.1056/avr8-gnu-toolchain/bin/../lib/gcc/avr/4.8.1/../../../../avr/lib/avr5\libm.a(addsf3.o) (__addsf3x)
c:/program files (x86)/atmel/atmel toolchain/avr8 gcc/native/3.4.1056/avr8-gnu-toolchain/bin/../lib/gcc/avr/4.8.1/../../../../avr/lib/avr5\libm.a(cmpsf2.o)
                              ../../../../ArduinoMicroCore\libcore.a(Print.cpp.o) (__ltsf2)
c:/program files (x86)/atmel/atmel toolchain/avr8 gcc/native/3.4.1056/avr8-gnu-toolchain/bin/../lib/gcc/avr/4.8.1/../../../../avr/lib/avr5\libm.a(divsf3.o)
                              ../../../../ArduinoMicroCore\libcore.a(Print.cpp.o) (__divsf3)
c:/program files (x86)/atmel/atmel toolchain/avr8 gcc/native/3.4.1056/avr8-gnu-toolchain/bin/../lib/gcc/avr/4.8.1/../../../../avr/lib/avr5\libm.a(divsf3x.o)
                              c:/program files (x86)/atmel/atmel toolchain/avr8 gcc/native/3.4.1056/avr8-gnu-toolchain/bin/../lib/gcc/avr/4.8.1/../../../../avr/lib/avr5\libm.a(divsf3.o) (__divsf3x)
c:/program files (x86)/atmel/atmel toolchain/avr8 gcc/native/3.4.1056/avr8-gnu-toolchain/bin/../lib/gcc/avr/4.8.1/../../../../avr/lib/avr5\libm.a(fixsfsi.o)
                              ../../../../ArduinoMicroCore\libcore.a(Print.cpp.o) (__fixsfsi)
c:/program files (x86)/atmel/atmel toolchain/avr8 gcc/native/3.4.1056/avr8-gnu-toolchain/bin/../lib/gcc/avr/4.8.1/../../../../avr/lib/avr5\libm.a(fixunssfsi.o)
                              ../../../../ArduinoMicroCore\libcore.a(Print.cpp.o) (__fixunssfsi)
c:/program files (x86)/atmel/atmel toolchain/avr8 gcc/native/3.4.1056/avr8-gnu-toolchain/bin/../lib/gcc/avr/4.8.1/../../../../avr/lib/avr5\libm.a(floatsisf.o)
                              ../../../../ArduinoMicroCore\libcore.a(Print.cpp.o) (__floatunsisf)
c:/program files (x86)/atmel/atmel toolchain/avr8 gcc/native/3.4.1056/avr8-gnu-toolchain/bin/../lib/gcc/avr/4.8.1/../../../../avr/lib/avr5\libm.a(fp_cmp.o)
                              c:/program files (x86)/atmel/atmel toolchain/avr8 gcc/native/3.4.1056/avr8-gnu-toolchain/bin/../lib/gcc/avr/4.8.1/../../../../avr/lib/avr5\libm.a(cmpsf2.o) (__fp_cmp)
c:/program files (x86)/atmel/atmel toolchain/avr8 gcc/native/3.4.1056/avr8-gnu-toolchain/bin/../lib/gcc/avr/4.8.1/../../../../avr/lib/avr5\libm.a(fp_inf.o)
                              c:/program files (x86)/atmel/atmel toolchain/avr8 gcc/native/3.4.1056/avr8-gnu-toolchain/bin/../lib/gcc/avr/4.8.1/../../../../avr/lib/avr5\libm.a(addsf3x.o) (__fp_inf)
c:/program files (x86)/atmel/atmel toolchain/avr8 gcc/native/3.4.1056/avr8-gnu-toolchain/bin/../lib/gcc/avr/4.8.1/../../../../avr/lib/avr5\libm.a(fp_nan.o)
                              c:/program files (x86)/atmel/atmel toolchain/avr8 gcc/native/3.4.1056/avr8-gnu-toolchain/bin/../lib/gcc/avr/4.8.1/../../../../avr/lib/avr5\libm.a(addsf3x.o) (__fp_nan)
c:/program files (x86)/atmel/atmel toolchain/avr8 gcc/native/3.4.1056/avr8-gnu-toolchain/bin/../lib/gcc/avr/4.8.1/../../../../avr/lib/avr5\libm.a(fp_pscA.o)
                              c:/program files (x86)/atmel/atmel toolchain/avr8 gcc/native/3.4.1056/avr8-gnu-toolchain/bin/../lib/gcc/avr/4.8.1/../../../../avr/lib/avr5\libm.a(addsf3x.o) (__fp_pscA)
[...]
Memory Configuration

Name             Origin             Length             Attributes
text             0x00000000         0x00020000         xr
data             0x00800060         0x0000ffa0         rw !x
eeprom           0x00810000         0x00010000         rw !x
fuse             0x00820000         0x00000400         rw !x
lock             0x00830000         0x00000400         rw !x
signature        0x00840000         0x00000400         rw !x
user_signatures  0x00850000         0x00000400         rw !x
*default*        0x00000000         0xffffffff

Linker script and memory map

Address of section .data set to 0x800100
LOAD c:/program files (x86)/atmel/atmel toolchain/avr8 gcc/native/3.4.1056/avr8-gnu-toolchain/bin/../lib/gcc/avr/4.8.1/../../../../avr/lib/avr5/crtm32u4.o
LOAD ArduinoMicroToturial.o
LOAD ButtonInt.o
LOAD SoftwareSerial.o
LOAD SPI.o
LOAD twi.o
LOAD Wire.o
START GROUP
LOAD c:/program files (x86)/atmel/atmel toolchain/avr8 gcc/native/3.4.1056/avr8-gnu-toolchain/bin/../lib/gcc/avr/4.8.1/../../../../avr/lib/avr5\libm.a
LOAD ../../../../ArduinoMicroCore\libcore.a
END GROUP
LOAD c:/program files (x86)/atmel/atmel toolchain/avr8 gcc/native/3.4.1056/avr8-gnu-toolchain/bin/../lib/gcc/avr/4.8.1/avr5\libgcc.a
LOAD c:/program files (x86)/atmel/atmel toolchain/avr8 gcc/native/3.4.1056/avr8-gnu-toolchain/bin/../lib/gcc/avr/4.8.1/../../../../avr/lib/avr5\libm.a
START GROUP
LOAD c:/program files (x86)/atmel/atmel toolchain/avr8 gcc/native/3.4.1056/avr8-gnu-toolchain/bin/../lib/gcc/avr/4.8.1/avr5\libgcc.a
LOAD c:/program files (x86)/atmel/atmel toolchain/avr8 gcc/native/3.4.1056/avr8-gnu-toolchain/bin/../lib/gcc/avr/4.8.1/../../../../avr/lib/avr5\libm.a
LOAD c:/program files (x86)/atmel/atmel toolchain/avr8 gcc/native/3.4.1056/avr8-gnu-toolchain/bin/../lib/gcc/avr/4.8.1/../../../../avr/lib/avr5\libc.a
END GROUP

.hash
 *(.hash)

.dynsym
 *(.dynsym)

.dynstr
 *(.dynstr)

.gnu.version
 *(.gnu.version)

.gnu.version_d
 *(.gnu.version_d)

.gnu.version_r
 *(.gnu.version_r)

.rel.init
 *(.rel.init)

.rela.init
 *(.rela.init)

.rel.text
 *(.rel.text)
 *(.rel.text.*)
 *(.rel.gnu.linkonce.t*)

.rela.text
 *(.rela.text)
 *(.rela.text.*)
 *(.rela.gnu.linkonce.t*)

.rel.fini
 *(.rel.fini)

.rela.fini
 *(.rela.fini)

.rel.rodata
 *(.rel.rodata)
 *(.rel.rodata.*)
 *(.rel.gnu.linkonce.r*)

.rela.rodata
 *(.rela.rodata)
 *(.rela.rodata.*)
 *(.rela.gnu.linkonce.r*)

.rel.data
 *(.rel.data)
 *(.rel.data.*)
 *(.rel.gnu.linkonce.d*)

.rela.data
 *(.rela.data)
 *(.rela.data.*)
 *(.rela.gnu.linkonce.d*)

.rel.ctors
 *(.rel.ctors)

.rela.ctors
 *(.rela.ctors)

.rel.dtors
 *(.rel.dtors)

.rela.dtors
 *(.rela.dtors)

.rel.got
 *(.rel.got)

.rela.got
 *(.rela.got)

.rel.bss
 *(.rel.bss)

.rela.bss
 *(.rela.bss)

.rel.plt
 *(.rel.plt)

.rela.plt
 *(.rela.plt)

.text           0x00000000     0x1e1a
 *(.vectors)
 .vectors       0x00000000       0xac c:/program files (x86)/atmel/atmel toolchain/avr8 gcc/native/3.4.1056/avr8-gnu-toolchain/bin/../lib/gcc/avr/4.8.1/../../../../avr/lib/avr5/crtm32u4.o
                0x00000000                __vector_default
                0x00000000                __vectors
 *(.vectors)
 *(.progmem.gcc*)
                0x000000ac                . = ALIGN (0x2)
                0x000000ac                __trampolines_start = .
 *(.trampolines)
 .trampolines   0x000000ac        0x0 linker stubs
 *(.trampolines*)
                0x000000ac                __trampolines_end = .
 *(.progmem*)
 .progmem.data._ZL5table
                0x000000ac       0x9c SoftwareSerial.o
 .progmem.data  0x00000148       0x90 ../../../../ArduinoMicroCore\libcore.a(wiring_digital.c.o)
                0x00000148                port_to_mode_PGM
                0x00000156                port_to_output_PGM
                0x00000164                port_to_input_PGM
                0x00000172                digital_pin_to_port_PGM
                0x00000190                digital_pin_to_bit_mask_PGM
                0x000001ae                digital_pin_to_timer_PGM
                0x000001cc                analog_pin_to_channel_PGM
 .progmem.data  0x000001d8       0x42 ../../../../ArduinoMicroCore\libcore.a(CDC.cpp.o)
                0x000001d8                _cdcInterface
 .progmem.data  0x0000021a       0x67 ../../../../ArduinoMicroCore\libcore.a(USBCore.cpp.o)
                0x0000021a                STRING_LANGUAGE
                0x0000021e                STRING_IPRODUCT
                0x00000240                STRING_IMANUFACTURER
                0x00000258                USB_DeviceDescriptor
                0x0000026a                USB_DeviceDescriptorA
                0x0000027c                _initEndpoints
 .progmem.data  0x00000281       0xfe ../../../../ArduinoMicroCore\libcore.a(HID.cpp.o)
                0x00000281                _hidReportDescriptor
                0x000002e6                _hidInterface
                0x000002ff                _asciimap
                0x00000380                . = ALIGN (0x2)
 *fill*         0x0000037f        0x1 
 *(.jumptables)
 *(.jumptables*)
 *(.lowtext)
 *(.lowtext*)
                0x00000380                __ctors_start = .
 *(.ctors)
 .ctors         0x00000380        0x2 ArduinoMicroToturial.o
 .ctors         0x00000382        0x2 Wire.o
 .ctors         0x00000384        0x2 ../../../../ArduinoMicroCore\libcore.a(CDC.cpp.o)
 .ctors         0x00000386        0x2 ../../../../ArduinoMicroCore\libcore.a(USBCore.cpp.o)
 .ctors         0x00000388        0x2 ../../../../ArduinoMicroCore\libcore.a(HID.cpp.o)
                0x0000038a                __ctors_end = .
                0x0000038a                __dtors_start = .
 *(.dtors)
 .dtors         0x0000038a        0x2 ArduinoMicroToturial.o
                0x0000038c                __dtors_end = .
 SORT(*)(.ctors)
 SORT(*)(.dtors)
 *(.init0)
 .init0         0x0000038c        0x0 c:/program files (x86)/atmel/atmel toolchain/avr8 gcc/native/3.4.1056/avr8-gnu-toolchain/bin/../lib/gcc/avr/4.8.1/../../../../avr/lib/avr5/crtm32u4.o
                0x0000038c                __init
 *(.init0)
 *(.init1)
 *(.init1)
 *(.init2)
 .init2         0x0000038c        0xc c:/program files (x86)/atmel/atmel toolchain/avr8 gcc/native/3.4.1056/avr8-gnu-toolchain/bin/../lib/gcc/avr/4.8.1/../../../../avr/lib/avr5/crtm32u4.o
 *(.init2)
 *(.init3)
 *(.init3)
 *(.init4)
 .init4         0x00000398       0x16 c:/program files (x86)/atmel/atmel toolchain/avr8 gcc/native/3.4.1056/avr8-gnu-toolchain/bin/../lib/gcc/avr/4.8.1/avr5\libgcc.a(_copy_data.o)
                0x00000398                __do_copy_data
 .init4         0x000003ae       0x10 c:/program files (x86)/atmel/atmel toolchain/avr8 gcc/native/3.4.1056/avr8-gnu-toolchain/bin/../lib/gcc/avr/4.8.1/avr5\libgcc.a(_clear_bss.o)
                0x000003ae                __do_clear_bss
 *(.init4)
 *(.init5)
 *(.init5)
 *(.init6)
 .init6         0x000003be       0x16 c:/program files (x86)/atmel/atmel toolchain/avr8 gcc/native/3.4.1056/avr8-gnu-toolchain/bin/../lib/gcc/avr/4.8.1/avr5\libgcc.a(_ctors.o)
                0x000003be                __do_global_ctors
 *(.init6)
 *(.init7)
 *(.init7)
 *(.init8)
 *(.init8)
 *(.init9)
 .init9         0x000003d4        0x8 c:/program files (x86)/atmel/atmel toolchain/avr8 gcc/native/3.4.1056/avr8-gnu-toolchain/bin/../lib/gcc/avr/4.8.1/../../../../avr/lib/avr5/crtm32u4.o
 *(.init9)
 *(.text)
 .text          0x000003dc        0x4 c:/program files (x86)/atmel/atmel toolchain/avr8 gcc/native/3.4.1056/avr8-gnu-toolchain/bin/../lib/gcc/avr/4.8.1/../../../../avr/lib/avr5/crtm32u4.o
                0x000003dc                __vector_38
                0x000003dc                __vector_22
                0x000003dc                __vector_28
                0x000003dc                __vector_1
                0x000003dc                __vector_32
                0x000003dc                __vector_34
                0x000003dc                __vector_24
                0x000003dc                __vector_12
                0x000003dc                __bad_interrupt
                0x000003dc                __vector_6
                0x000003dc                __vector_31
                0x000003dc                __vector_35
                0x000003dc                __vector_39
                0x000003dc                __vector_3
                0x000003dc                __vector_30
                0x000003dc                __vector_25
                0x000003dc                __vector_13
                0x000003dc                __vector_17
                0x000003dc                __vector_19
                0x000003dc                __vector_41
                0x000003dc                __vector_27
                0x000003dc                __vector_5
                0x000003dc                __vector_33
                0x000003dc                __vector_37
                0x000003dc                __vector_4
                0x000003dc                __vector_2
                0x000003dc                __vector_21
                0x000003dc                __vector_15
                0x000003dc                __vector_29
                0x000003dc                __vector_40
                0x000003dc                __vector_8
                0x000003dc                __vector_26
                0x000003dc                __vector_14
                0x000003dc                __vector_16
                0x000003dc                __vector_18
                0x000003dc                __vector_20
                0x000003dc                __vector_42
                0x000003e0                . = ALIGN (0x2)
 *(.text.*)
 .text.__vector_7
                0x000003e0       0x1e ArduinoMicroToturial.o
                0x000003e0                __vector_7
 .text.setup    0x000003fe       0x64 ArduinoMicroToturial.o
                0x000003fe                setup
 .text.loop     0x00000462       0x50 ArduinoMicroToturial.o
                0x00000462                loop
 .text.startup._GLOBAL__sub_I_val
                0x000004b2       0x12 ArduinoMicroToturial.o
 .text.exit._GLOBAL__sub_D_val
                0x000004c4        0x8 ArduinoMicroToturial.o
 .text._Z13ButtonIntFuncv
                0x000004cc       0x12 ButtonInt.o
                0x000004cc                _Z13ButtonIntFuncv
 .text._ZN14SoftwareSerial4readEv
                0x000004de       0x42 SoftwareSerial.o
                0x000004de                _ZN14SoftwareSerial4readEv
 .text._ZN14SoftwareSerial4peekEv
                0x00000520       0x30 SoftwareSerial.o
                0x00000520                _ZN14SoftwareSerial4peekEv
 .text._ZN14SoftwareSerial9availableEv
                0x00000550       0x30 SoftwareSerial.o
                0x00000550                _ZN14SoftwareSerial9availableEv
 .text._ZN14SoftwareSerial5flushEv
                0x00000580       0x1e SoftwareSerial.o
                0x00000580                _ZN14SoftwareSerial5flushEv
 .text._ZN14SoftwareSerial12tx_pin_writeEh.part.4
                0x0000059e       0x18 SoftwareSerial.o
 .text._ZN14SoftwareSerial10tunedDelayEj
                0x000005b6        0xe SoftwareSerial.o
                0x000005b6                _ZN14SoftwareSerial10tunedDelayEj
 .text._ZN14SoftwareSerial6listenEv
                0x000005c4       0x34 SoftwareSerial.o
                0x000005c4                _ZN14SoftwareSerial6listenEv
 .text._ZN14SoftwareSerial4recvEv
                0x000005f8       0xbe SoftwareSerial.o
                0x000005f8                _ZN14SoftwareSerial4recvEv
 .text._ZN14SoftwareSerial12tx_pin_writeEh
                0x000006b6       0x1e SoftwareSerial.o
                0x000006b6                _ZN14SoftwareSerial12tx_pin_writeEh
 .text._ZN14SoftwareSerial5writeEh
                0x000006d4       0xd2 SoftwareSerial.o
                0x000006d4                _ZN14SoftwareSerial5writeEh
 .text.__vector_9
                0x000007a6       0x54 SoftwareSerial.o
                0x000007a6                __vector_9
 .text._ZN14SoftwareSerial5setTXEh
                0x000007fa       0x52 SoftwareSerial.o
                0x000007fa                _ZN14SoftwareSerial5setTXEh
 .text._ZN14SoftwareSerial5setRXEh
                0x0000084c       0x52 SoftwareSerial.o
                0x0000084c                _ZN14SoftwareSerial5setRXEh
 .text._ZN14SoftwareSerialC2Ehhb
                0x0000089e       0x60 SoftwareSerial.o
                0x0000089e                _ZN14SoftwareSerialC1Ehhb
                0x0000089e                _ZN14SoftwareSerialC2Ehhb
 .text._ZN14SoftwareSerial5beginEl
                0x000008fe      0x15a SoftwareSerial.o
                0x000008fe                _ZN14SoftwareSerial5beginEl
 .text._ZN14SoftwareSerial3endEv
                0x00000a58       0x64 SoftwareSerial.o
                0x00000a58                _ZN14SoftwareSerial3endEv
 .text._ZN14SoftwareSerialD2Ev
                0x00000abc        0xe SoftwareSerial.o
                0x00000abc                _ZN14SoftwareSerialD1Ev
                0x00000abc                _ZN14SoftwareSerialD2Ev
 .text.twi_transmit
                0x00000aca       0x32 twi.o
                0x00000aca                twi_transmit
 .text.twi_stop
                0x00000afc       0x14 twi.o
                0x00000afc                twi_stop
 .text.twi_releaseBus
                0x00000b10        0xc twi.o
                0x00000b10                twi_releaseBus
 .text.__vector_36
                0x00000b1c      0x25a twi.o
                0x00000b1c                __vector_36
 .text._ZN7TwoWire9availableEv
                0x00000d76       0x10 Wire.o
                0x00000d76                _ZN7TwoWire9availableEv
 .text._ZN7TwoWire4readEv
                0x00000d86       0x26 Wire.o
                0x00000d86                _ZN7TwoWire4readEv
 .text._ZN7TwoWire4peekEv
                0x00000dac       0x1e Wire.o
                0x00000dac                _ZN7TwoWire4peekEv
 .text._ZN7TwoWire5flushEv
                0x00000dca        0x2 Wire.o
                0x00000dca                _ZN7TwoWire5flushEv
 .text._ZN7TwoWire5writeEPKhj
                0x00000dcc       0x5a Wire.o
                0x00000dcc                _ZN7TwoWire5writeEPKhj
 .text._ZN7TwoWire5writeEh
                0x00000e26       0x5e Wire.o
                0x00000e26                _ZN7TwoWire5writeEh
 .text._ZN7TwoWireC2Ev
                0x00000e84       0x20 Wire.o
                0x00000e84                _ZN7TwoWireC1Ev
                0x00000e84                _ZN7TwoWireC2Ev
 .text.startup._GLOBAL__sub_I__ZN7TwoWire8rxBufferE
                0x00000ea4        0x8 Wire.o
 .text.__vector_23
                0x00000eac       0x90 ../../../../ArduinoMicroCore\libcore.a(wiring.c.o)
                0x00000eac                __vector_23
 .text.delay    0x00000f3c       0xb2 ../../../../ArduinoMicroCore\libcore.a(wiring.c.o)
                0x00000f3c                delay
 .text.init     0x00000fee       0xac ../../../../ArduinoMicroCore\libcore.a(wiring.c.o)
                0x00000fee                init
 .text.pinMode  0x0000109a       0x7e ../../../../ArduinoMicroCore\libcore.a(wiring_digital.c.o)
                0x0000109a                pinMode
 .text.turnOffPWM
                0x00001118       0x9c ../../../../ArduinoMicroCore\libcore.a(wiring_digital.c.o)
 .text.digitalWrite
                0x000011b4       0x66 ../../../../ArduinoMicroCore\libcore.a(wiring_digital.c.o)
                0x000011b4                digitalWrite
 .text._ZN7Serial_5beginEm
                0x0000121a        0xc ../../../../ArduinoMicroCore\libcore.a(CDC.cpp.o)
                0x0000121a                _ZN7Serial_5beginEm
 .text._ZN7Serial_5writeEh
                0x00001226       0x30 ../../../../ArduinoMicroCore\libcore.a(CDC.cpp.o)
                0x00001226                _ZN7Serial_5writeEh
 .text._GLOBAL__I__cdcInterface
                0x00001256       0x3a ../../../../ArduinoMicroCore\libcore.a(CDC.cpp.o)
 .text._ZN7Serial_5writeEPKhj
                0x00001290       0x32 ../../../../ArduinoMicroCore\libcore.a(CDC.cpp.o)
                0x00001290                _ZN7Serial_5writeEPKhj
 .text._ZN7Serial_5flushEv
                0x000012c2        0x8 ../../../../ArduinoMicroCore\libcore.a(CDC.cpp.o)
                0x000012c2                _ZN7Serial_5flushEv
 .text._ZN7Serial_4readEv
                0x000012ca       0x20 ../../../../ArduinoMicroCore\libcore.a(CDC.cpp.o)
                0x000012ca                _ZN7Serial_4readEv
 .text._ZN7Serial_4peekEv
                0x000012ea       0x22 ../../../../ArduinoMicroCore\libcore.a(CDC.cpp.o)
                0x000012ea                _ZN7Serial_4peekEv
 .text._ZN7Serial_9availableEv
                0x0000130c       0x28 ../../../../ArduinoMicroCore\libcore.a(CDC.cpp.o)
                0x0000130c                _ZN7Serial_9availableEv
 .text._Z16CDC_GetInterfacePh
                0x00001334       0x18 ../../../../ArduinoMicroCore\libcore.a(CDC.cpp.o)
                0x00001334                _Z16CDC_GetInterfacePh
 .text._Z9CDC_SetupR5Setup
                0x0000134c       0xac ../../../../ArduinoMicroCore\libcore.a(CDC.cpp.o)
                0x0000134c                _Z9CDC_SetupR5Setup
 .text.initVariant
                0x000013f8        0x2 ../../../../ArduinoMicroCore\libcore.a(main.cpp.o)
                0x000013f8                initVariant
 .text.main     0x000013fa       0x2a ../../../../ArduinoMicroCore\libcore.a(main.cpp.o)
                0x000013fa                main
 .text._ZN5Print5writeEPKhj
                0x00001424       0x54 ../../../../ArduinoMicroCore\libcore.a(Print.cpp.o)
                0x00001424                _ZN5Print5writeEPKhj
 .text._ZN5Print5writeEPKc
                0x00001478       0x38 ../../../../ArduinoMicroCore\libcore.a(Print.cpp.o)
                0x00001478                _ZN5Print5writeEPKc
 .text._ZN5Print5printEPKc
                0x000014b0        0x6 ../../../../ArduinoMicroCore\libcore.a(Print.cpp.o)
                0x000014b0                _ZN5Print5printEPKc
 .text._Z13USB_Availableh
                0x000014b6       0x12 ../../../../ArduinoMicroCore\libcore.a(USBCore.cpp.o)
                0x000014b6                _Z13USB_Availableh
 .text._Z8USB_RecvhPvi
                0x000014c8       0x68 ../../../../ArduinoMicroCore\libcore.a(USBCore.cpp.o)
                0x000014c8                _Z8USB_RecvhPvi
 .text._Z8USB_Recvh
                0x00001530       0x32 ../../../../ArduinoMicroCore\libcore.a(USBCore.cpp.o)
                0x00001530                _Z8USB_Recvh
 .text._Z15USB_SendControlhPKvi
                0x00001562       0x88 ../../../../ArduinoMicroCore\libcore.a(USBCore.cpp.o)
                0x00001562                _Z15USB_SendControlhPKvi
 .text._Z15USB_RecvControlPvi
                0x000015ea       0x30 ../../../../ArduinoMicroCore\libcore.a(USBCore.cpp.o)
                0x000015ea                _Z15USB_RecvControlPvi
 .text._Z9USB_Flushh
                0x0000161a       0x14 ../../../../ArduinoMicroCore\libcore.a(USBCore.cpp.o)
                0x0000161a                _Z9USB_Flushh
 .text.__vector_10
                0x0000162e       0x98 ../../../../ArduinoMicroCore\libcore.a(USBCore.cpp.o)
                0x0000162e                __vector_10
 .text._GLOBAL__I_TxLEDPulse
                0x000016c6        0x2 ../../../../ArduinoMicroCore\libcore.a(USBCore.cpp.o)
 .text._ZN10USBDevice_6attachEv
                0x000016c8       0x40 ../../../../ArduinoMicroCore\libcore.a(USBCore.cpp.o)
                0x000016c8                _ZN10USBDevice_6attachEv
 .text._Z8USB_SendhPKvi
                0x00001708      0x152 ../../../../ArduinoMicroCore\libcore.a(USBCore.cpp.o)
                0x00001708                _Z8USB_SendhPKvi
 .text._Z14SendInterfacesv
                0x0000185a       0x32 ../../../../ArduinoMicroCore\libcore.a(USBCore.cpp.o)
                0x0000185a                _Z14SendInterfacesv
 .text.__vector_11
                0x0000188c      0x292 ../../../../ArduinoMicroCore\libcore.a(USBCore.cpp.o)
                0x0000188c                __vector_11
 .text._Z9HID_SetupR5Setup
                0x00001b1e       0x38 ../../../../ArduinoMicroCore\libcore.a(HID.cpp.o)
                0x00001b1e                _Z9HID_SetupR5Setup
 .text._ZN9Keyboard_5writeEh
                0x00001b56       0x3c ../../../../ArduinoMicroCore\libcore.a(HID.cpp.o)
                0x00001b56                _ZN9Keyboard_5writeEh
 .text._GLOBAL__I_Mouse
                0x00001b92       0x1a ../../../../ArduinoMicroCore\libcore.a(HID.cpp.o)
 .text._Z14HID_SendReporthPKvi
                0x00001bac       0x42 ../../../../ArduinoMicroCore\libcore.a(HID.cpp.o)
                0x00001bac                _Z14HID_SendReporthPKvi
 .text._ZN9Keyboard_10sendReportEP9KeyReport
                0x00001bee        0xc ../../../../ArduinoMicroCore\libcore.a(HID.cpp.o)
                0x00001bee                _ZN9Keyboard_10sendReportEP9KeyReport
 .text._ZN9Keyboard_10releaseAllEv
                0x00001bfa       0x1a ../../../../ArduinoMicroCore\libcore.a(HID.cpp.o)
                0x00001bfa                _ZN9Keyboard_10releaseAllEv
 .text._ZN9Keyboard_7releaseEh
                0x00001c14       0x86 ../../../../ArduinoMicroCore\libcore.a(HID.cpp.o)
                0x00001c14                _ZN9Keyboard_7releaseEh
 .text._ZN9Keyboard_5pressEh
                0x00001c9a       0xe2 ../../../../ArduinoMicroCore\libcore.a(HID.cpp.o)
                0x00001c9a                _ZN9Keyboard_5pressEh
 .text._Z17HID_GetDescriptori
                0x00001d7c       0x10 ../../../../ArduinoMicroCore\libcore.a(HID.cpp.o)
                0x00001d7c                _Z17HID_GetDescriptori
 .text._Z16HID_GetInterfacePh
                0x00001d8c       0x18 ../../../../ArduinoMicroCore\libcore.a(HID.cpp.o)
                0x00001d8c                _Z16HID_GetInterfacePh
 .text.libgcc.div
                0x00001da4       0x28 c:/program files (x86)/atmel/atmel toolchain/avr8 gcc/native/3.4.1056/avr8-gnu-toolchain/bin/../lib/gcc/avr/4.8.1/avr5\libgcc.a(_divmodhi4.o)
                0x00001da4                _div
                0x00001da4                __divmodhi4
 .text.libgcc.div
                0x00001dcc       0x28 c:/program files (x86)/atmel/atmel toolchain/avr8 gcc/native/3.4.1056/avr8-gnu-toolchain/bin/../lib/gcc/avr/4.8.1/avr5\libgcc.a(_udivmodhi4.o)
                0x00001dcc                __udivmodhi4
 .text.libgcc   0x00001df4        0xc c:/program files (x86)/atmel/atmel toolchain/avr8 gcc/native/3.4.1056/avr8-gnu-toolchain/bin/../lib/gcc/avr/4.8.1/avr5\libgcc.a(_tablejump.o)
                0x00001df4                __tablejump2__
                0x00001df8                __tablejump__
                0x00001e00                . = ALIGN (0x2)
 *(.fini9)
 .fini9         0x00001e00        0x0 c:/program files (x86)/atmel/atmel toolchain/avr8 gcc/native/3.4.1056/avr8-gnu-toolchain/bin/../lib/gcc/avr/4.8.1/avr5\libgcc.a(_exit.o)
                0x00001e00                _exit
                0x00001e00                exit
 *(.fini9)
 *(.fini8)
 *(.fini8)
 *(.fini7)
 *(.fini7)
 *(.fini6)
 .fini6         0x00001e00       0x16 c:/program files (x86)/atmel/atmel toolchain/avr8 gcc/native/3.4.1056/avr8-gnu-toolchain/bin/../lib/gcc/avr/4.8.1/avr5\libgcc.a(_dtors.o)
                0x00001e00                __do_global_dtors
 *(.fini6)
 *(.fini5)
 *(.fini5)
 *(.fini4)
 *(.fini4)
 *(.fini3)
 *(.fini3)
 *(.fini2)
 *(.fini2)
 *(.fini1)
 *(.fini1)
 *(.fini0)
 .fini0         0x00001e16        0x4 c:/program files (x86)/atmel/atmel toolchain/avr8 gcc/native/3.4.1056/avr8-gnu-toolchain/bin/../lib/gcc/avr/4.8.1/avr5\libgcc.a(_exit.o)
 *(.fini0)
                0x00001e1a                _etext = .

.data           0x00800100       0x6e load address 0x00001e1a
                0x00800100                PROVIDE (__data_start, .)
 *(.data)
 .data          0x00800100        0x0 c:/program files (x86)/atmel/atmel toolchain/avr8 gcc/native/3.4.1056/avr8-gnu-toolchain/bin/../lib/gcc/avr/4.8.1/../../../../avr/lib/avr5/crtm32u4.o
 .data          0x00800100        0x0 ArduinoMicroToturial.o
 .data          0x00800100        0x0 ButtonInt.o
 .data          0x00800100        0x0 SoftwareSerial.o
 .data          0x00800100        0x0 SPI.o
 .data          0x00800100        0x0 twi.o
 .data          0x00800100        0x0 Wire.o
 .data          0x00800100        0x0 ../../../../ArduinoMicroCore\libcore.a(wiring.c.o)
 .data          0x00800100        0x0 ../../../../ArduinoMicroCore\libcore.a(wiring_digital.c.o)
 .data          0x00800100        0x0 ../../../../ArduinoMicroCore\libcore.a(CDC.cpp.o)
 .data          0x00800100        0x0 ../../../../ArduinoMicroCore\libcore.a(main.cpp.o)
 .data          0x00800100        0x0 ../../../../ArduinoMicroCore\libcore.a(new.cpp.o)
 .data          0x00800100        0xe ../../../../ArduinoMicroCore\libcore.a(Print.cpp.o)
 .data          0x0080010e        0x0 ../../../../ArduinoMicroCore\libcore.a(USBCore.cpp.o)
 .data          0x0080010e        0x0 ../../../../ArduinoMicroCore\libcore.a(malloc.c.o)
 .data          0x0080010e        0x0 ../../../../ArduinoMicroCore\libcore.a(HID.cpp.o)
 .data          0x0080010e        0x0 c:/program files (x86)/atmel/atmel toolchain/avr8 gcc/native/3.4.1056/avr8-gnu-toolchain/bin/../lib/gcc/avr/4.8.1/../../../../avr/lib/avr5\libm.a(addsf3.o)
 .data          0x0080010e        0x0 c:/program files (x86)/atmel/atmel toolchain/avr8 gcc/native/3.4.1056/avr8-gnu-toolchain/bin/../lib/gcc/avr/4.8.1/../../../../avr/lib/avr5\libm.a(addsf3x.o)
 .data          0x0080010e        0x0 c:/program files (x86)/atmel/atmel toolchain/avr8 gcc/native/3.4.1056/avr8-gnu-toolchain/bin/../lib/gcc/avr/4.8.1/../../../../avr/lib/avr5\libm.a(cmpsf2.o)
 .data          0x0080010e        0x0 c:/program files (x86)/atmel/atmel toolchain/avr8 gcc/native/3.4.1056/avr8-gnu-toolchain/bin/../lib/gcc/avr/4.8.1/../../../../avr/lib/avr5\libm.a(divsf3.o)
 .data          0x0080010e        0x0 c:/program files (x86)/atmel/atmel toolchain/avr8 gcc/native/3.4.1056/avr8-gnu-toolchain/bin/../lib/gcc/avr/4.8.1/../../../../avr/lib/avr5\libm.a(divsf3x.o)
 .data          0x0080010e        0x0 c:/program files (x86)/atmel/atmel toolchain/avr8 gcc/native/3.4.1056/avr8-gnu-toolchain/bin/../lib/gcc/avr/4.8.1/../../../../avr/lib/avr5\libm.a(fixsfsi.o)
 .data          0x0080010e        0x0 c:/program files (x86)/atmel/atmel toolchain/avr8 gcc/native/3.4.1056/avr8-gnu-toolchain/bin/../lib/gcc/avr/4.8.1/../../../../avr/lib/avr5\libm.a(fixunssfsi.o)
 .data          0x0080010e        0x0 c:/program files (x86)/atmel/atmel toolchain/avr8 gcc/native/3.4.1056/avr8-gnu-toolchain/bin/../lib/gcc/avr/4.8.1/../../../../avr/lib/avr5\libm.a(floatsisf.o)
 .data          0x0080010e        0x0 c:/program files (x86)/atmel/atmel toolchain/avr8 gcc/native/3.4.1056/avr8-gnu-toolchain/bin/../lib/gcc/avr/4.8.1/../../../../avr/lib/avr5\libm.a(fp_cmp.o)
 .data          0x0080010e        0x0 c:/program files (x86)/atmel/atmel toolchain/avr8 gcc/native/3.4.1056/avr8-gnu-toolchain/bin/../lib/gcc/avr/4.8.1/../../../../avr/lib/avr5\libm.a(fp_inf.o)
 .data          0x0080010e        0x0 c:/program files (x86)/atmel/atmel toolchain/avr8 gcc/native/3.4.1056/avr8-gnu-toolchain/bin/../lib/gcc/avr/4.8.1/../../../../avr/lib/avr5\libm.a(fp_nan.o)
 .data          0x0080010e        0x0 c:/program files (x86)/atmel/atmel toolchain/avr8 gcc/native/3.4.1056/avr8-gnu-toolchain/bin/../lib/gcc/avr/4.8.1/../../../../avr/lib/avr5\libm.a(fp_pscA.o)
 .data          0x0080010e        0x0 c:/program files (x86)/atmel/atmel toolchain/avr8 gcc/native/3.4.1056/avr8-gnu-toolchain/bin/../lib/gcc/avr/4.8.1/../../../../avr/lib/avr5\libm.a(fp_pscB.o)
 .data          0x0080010e        0x0 c:/program files (x86)/atmel/atmel toolchain/avr8 gcc/native/3.4.1056/avr8-gnu-toolchain/bin/../lib/gcc/avr/4.8.1/../../../../avr/lib/avr5\libm.a(fp_round.o)
 .data          0x0080010e        0x0 c:/program files (x86)/atmel/atmel toolchain/avr8 gcc/native/3.4.1056/avr8-gnu-toolchain/bin/../lib/gcc/avr/4.8.1/../../../../avr/lib/avr5\libm.a(fp_split3.o)
 .data          0x0080010e        0x0 c:/program files (x86)/atmel/atmel toolchain/avr8 gcc/native/3.4.1056/avr8-gnu-toolchain/bin/../lib/gcc/avr/4.8.1/../../../../avr/lib/avr5\libm.a(fp_zero.o)
 .data          0x0080010e        0x0 c:/program files (x86)/atmel/atmel toolchain/avr8 gcc/native/3.4.1056/avr8-gnu-toolchain/bin/../lib/gcc/avr/4.8.1/../../../../avr/lib/avr5\libm.a(gesf2.o)
 .data          0x0080010e        0x0 c:/program files (x86)/atmel/atmel toolchain/avr8 gcc/native/3.4.1056/avr8-gnu-toolchain/bin/../lib/gcc/avr/4.8.1/../../../../avr/lib/avr5\libm.a(mulsf3.o)
 .data          0x0080010e        0x0 c:/program files (x86)/atmel/atmel toolchain/avr8 gcc/native/3.4.1056/avr8-gnu-toolchain/bin/../lib/gcc/avr/4.8.1/../../../../avr/lib/avr5\libm.a(mulsf3x.o)
 .data          0x0080010e        0x0 c:/program files (x86)/atmel/atmel toolchain/avr8 gcc/native/3.4.1056/avr8-gnu-toolchain/bin/../lib/gcc/avr/4.8.1/../../../../avr/lib/avr5\libm.a(unordsf2.o)
 .data          0x0080010e        0x0 c:/program files (x86)/atmel/atmel toolchain/avr8 gcc/native/3.4.1056/avr8-gnu-toolchain/bin/../lib/gcc/avr/4.8.1/avr5\libgcc.a(_mulsi3.o)
 .data          0x0080010e        0x0 c:/program files (x86)/atmel/atmel toolchain/avr8 gcc/native/3.4.1056/avr8-gnu-toolchain/bin/../lib/gcc/avr/4.8.1/avr5\libgcc.a(_divmodhi4.o)
 .data          0x0080010e        0x0 c:/program files (x86)/atmel/atmel toolchain/avr8 gcc/native/3.4.1056/avr8-gnu-toolchain/bin/../lib/gcc/avr/4.8.1/avr5\libgcc.a(_udivmodsi4.o)
 .data          0x0080010e        0x0 c:/program files (x86)/atmel/atmel toolchain/avr8 gcc/native/3.4.1056/avr8-gnu-toolchain/bin/../lib/gcc/avr/4.8.1/avr5\libgcc.a(_exit.o)
 .data          0x0080010e        0x0 c:/program files (x86)/atmel/atmel toolchain/avr8 gcc/native/3.4.1056/avr8-gnu-toolchain/bin/../lib/gcc/avr/4.8.1/avr5\libgcc.a(_copy_data.o)
 .data          0x0080010e        0x0 c:/program files (x86)/atmel/atmel toolchain/avr8 gcc/native/3.4.1056/avr8-gnu-toolchain/bin/../lib/gcc/avr/4.8.1/avr5\libgcc.a(_clear_bss.o)
 .data          0x0080010e        0x0 c:/program files (x86)/atmel/atmel toolchain/avr8 gcc/native/3.4.1056/avr8-gnu-toolchain/bin/../lib/gcc/avr/4.8.1/avr5\libgcc.a(_ctors.o)
 .data          0x0080010e        0x0 c:/program files (x86)/atmel/atmel toolchain/avr8 gcc/native/3.4.1056/avr8-gnu-toolchain/bin/../lib/gcc/avr/4.8.1/avr5\libgcc.a(_dtors.o)
 .data          0x0080010e        0x0 c:/program files (x86)/atmel/atmel toolchain/avr8 gcc/native/3.4.1056/avr8-gnu-toolchain/bin/../lib/gcc/avr/4.8.1/avr5\libgcc.a(_muluhisi3.o)
 .data          0x0080010e        0x0 c:/program files (x86)/atmel/atmel toolchain/avr8 gcc/native/3.4.1056/avr8-gnu-toolchain/bin/../lib/gcc/avr/4.8.1/avr5\libgcc.a(_udivmodhi4.o)
 .data          0x0080010e        0x0 c:/program files (x86)/atmel/atmel toolchain/avr8 gcc/native/3.4.1056/avr8-gnu-toolchain/bin/../lib/gcc/avr/4.8.1/avr5\libgcc.a(_tablejump.o)
 .data          0x0080010e        0x0 c:/program files (x86)/atmel/atmel toolchain/avr8 gcc/native/3.4.1056/avr8-gnu-toolchain/bin/../lib/gcc/avr/4.8.1/avr5\libgcc.a(_umulhisi3.o)
 *(.data*)
 .data.blt_key  0x0080010e        0x2 ArduinoMicroToturial.o
                0x0080010e                blt_key
 .data.blt_serial_out
                0x00800110        0x2 ArduinoMicroToturial.o
                0x00800110                blt_serial_out
 .data.blt_serial_in
                0x00800112        0x2 ArduinoMicroToturial.o
                0x00800112                blt_serial_in
 .data._ZL12_usbLineInfo
                0x00800114        0x8 ../../../../ArduinoMicroCore\libcore.a(CDC.cpp.o)
 .data._hid_protocol
                0x0080011c        0x1 ../../../../ArduinoMicroCore\libcore.a(HID.cpp.o)
                0x0080011c                _hid_protocol
 .data._hid_idle
                0x0080011d        0x1 ../../../../ArduinoMicroCore\libcore.a(HID.cpp.o)
                0x0080011d                _hid_idle
 *(.rodata)
 *(.rodata*)
 .rodata.str1.1
                0x0080011e       0x12 ArduinoMicroToturial.o
 .rodata._ZTV14SoftwareSerial
                0x00800130       0x10 SoftwareSerial.o
                0x00800130                _ZTV14SoftwareSerial
 .rodata._ZTV7TwoWire
                0x00800140       0x10 Wire.o
                0x00800140                _ZTV7TwoWire
 .rodata._ZTV7Serial_
                0x00800150       0x10 ../../../../ArduinoMicroCore\libcore.a(CDC.cpp.o)
                0x00800150                _ZTV7Serial_
 .rodata._ZTV9Keyboard_
                0x00800160        0xe ../../../../ArduinoMicroCore\libcore.a(HID.cpp.o)
                0x00800160                _ZTV9Keyboard_
 *(.gnu.linkonce.d*)
                0x0080016e                . = ALIGN (0x2)
                0x0080016e                _edata = .
                0x0080016e                PROVIDE (__data_end, .)

.bss            0x0080016e      0x14d
                0x0080016e                PROVIDE (__bss_start, .)
 *(.bss)
 *(.bss*)
 .bss.BltSerial
                0x0080016e       0x1c ArduinoMicroToturial.o
                0x0080016e                BltSerial
 .bss.int6_flag
                0x0080018a        0x1 ArduinoMicroToturial.o
                0x0080018a                int6_flag
 .bss._ZN14SoftwareSerial20_receive_buffer_headE
                0x0080018b        0x1 SoftwareSerial.o
                0x0080018b                _ZN14SoftwareSerial20_receive_buffer_headE
 .bss._ZN14SoftwareSerial20_receive_buffer_tailE
                0x0080018c        0x1 SoftwareSerial.o
                0x0080018c                _ZN14SoftwareSerial20_receive_buffer_tailE
 .bss._ZN14SoftwareSerial15_receive_bufferE
                0x0080018d       0x40 SoftwareSerial.o
                0x0080018d                _ZN14SoftwareSerial15_receive_bufferE
 .bss._ZN14SoftwareSerial13active_objectE
                0x008001cd        0x2 SoftwareSerial.o
                0x008001cd                _ZN14SoftwareSerial13active_objectE
 .bss.twi_error
                0x008001cf        0x1 twi.o
 .bss.twi_rxBufferIndex
                0x008001d0        0x1 twi.o
 .bss.twi_rxBuffer
                0x008001d1       0x20 twi.o
 .bss.twi_txBufferLength
                0x008001f1        0x1 twi.o
 .bss.twi_txBufferIndex
                0x008001f2        0x1 twi.o
 .bss.twi_txBuffer
                0x008001f3       0x20 twi.o
 .bss.twi_masterBufferLength
                0x00800213        0x1 twi.o
 .bss.twi_masterBufferIndex
                0x00800214        0x1 twi.o
 .bss.twi_masterBuffer
                0x00800215       0x20 twi.o
 .bss.twi_onSlaveReceive
                0x00800235        0x2 twi.o
 .bss.twi_onSlaveTransmit
                0x00800237        0x2 twi.o
 .bss.twi_inRepStart
                0x00800239        0x1 twi.o
 .bss.twi_sendStop
                0x0080023a        0x1 twi.o
 .bss.twi_slarw
                0x0080023b        0x1 twi.o
 .bss.twi_state
                0x0080023c        0x1 twi.o
 .bss.Wire      0x0080023d        0xc Wire.o
                0x0080023d                Wire
 .bss._ZN7TwoWire12transmittingE
                0x00800249        0x1 Wire.o
                0x00800249                _ZN7TwoWire12transmittingE
 .bss._ZN7TwoWire14txBufferLengthE
                0x0080024a        0x1 Wire.o
                0x0080024a                _ZN7TwoWire14txBufferLengthE
 .bss._ZN7TwoWire13txBufferIndexE
                0x0080024b        0x1 Wire.o
                0x0080024b                _ZN7TwoWire13txBufferIndexE
 .bss._ZN7TwoWire8txBufferE
                0x0080024c       0x20 Wire.o
                0x0080024c                _ZN7TwoWire8txBufferE
 .bss._ZN7TwoWire14rxBufferLengthE
                0x0080026c        0x1 Wire.o
                0x0080026c                _ZN7TwoWire14rxBufferLengthE
 .bss._ZN7TwoWire13rxBufferIndexE
                0x0080026d        0x1 Wire.o
                0x0080026d                _ZN7TwoWire13rxBufferIndexE
 .bss._ZN7TwoWire8rxBufferE
                0x0080026e       0x20 Wire.o
                0x0080026e                _ZN7TwoWire8rxBufferE
 .bss.timer0_overflow_count
                0x0080028e        0x4 ../../../../ArduinoMicroCore\libcore.a(wiring.c.o)
                0x0080028e                timer0_overflow_count
 .bss.timer0_millis
                0x00800292        0x4 ../../../../ArduinoMicroCore\libcore.a(wiring.c.o)
                0x00800292                timer0_millis
 .bss.timer0_fract
                0x00800296        0x1 ../../../../ArduinoMicroCore\libcore.a(wiring.c.o)
 .bss.Serial    0x00800297        0xe ../../../../ArduinoMicroCore\libcore.a(CDC.cpp.o)
                0x00800297                Serial
 .bss.TxLEDPulse
                0x008002a5        0x1 ../../../../ArduinoMicroCore\libcore.a(USBCore.cpp.o)
                0x008002a5                TxLEDPulse
 .bss.RxLEDPulse
                0x008002a6        0x1 ../../../../ArduinoMicroCore\libcore.a(USBCore.cpp.o)
                0x008002a6                RxLEDPulse
 .bss._usbConfiguration
                0x008002a7        0x1 ../../../../ArduinoMicroCore\libcore.a(USBCore.cpp.o)
                0x008002a7                _usbConfiguration
 .bss._cmark    0x008002a8        0x2 ../../../../ArduinoMicroCore\libcore.a(USBCore.cpp.o)
                0x008002a8                _cmark
 .bss._cend     0x008002aa        0x2 ../../../../ArduinoMicroCore\libcore.a(USBCore.cpp.o)
                0x008002aa                _cend
 .bss._cdcComposite
                0x008002ac        0x1 ../../../../ArduinoMicroCore\libcore.a(USBCore.cpp.o)
                0x008002ac                _cdcComposite
 .bss.USBDevice
                0x008002ad        0x1 ../../../../ArduinoMicroCore\libcore.a(USBCore.cpp.o)
                0x008002ad                USBDevice
 .bss.Mouse     0x008002ae        0x1 ../../../../ArduinoMicroCore\libcore.a(HID.cpp.o)
                0x008002ae                Mouse
 .bss.Keyboard  0x008002af        0xc ../../../../ArduinoMicroCore\libcore.a(HID.cpp.o)
                0x008002af                Keyboard
 *(COMMON)
                0x008002bb                PROVIDE (__bss_end, .)
                0x00001e1a                __data_load_start = LOADADDR (.data)
                0x00001e88                __data_load_end = (__data_load_start + SIZEOF (.data))

.noinit         0x008002bb        0x0
                0x008002bb                PROVIDE (__noinit_start, .)
 *(.noinit*)
                0x008002bb                PROVIDE (__noinit_end, .)
                0x008002bb                _end = .
                0x008002bb                PROVIDE (__heap_start, .)

.eeprom         0x00810000        0x0
 *(.eeprom*)
                0x00810000                __eeprom_end = .

.fuse
 *(.fuse)
 *(.lfuse)
 *(.hfuse)
 *(.efuse)

.lock
 *(.lock*)

.signature
 *(.signature*)

.user_signatures
 *(.user_signatures*)

.stab
 *(.stab)

.stabstr
 *(.stabstr)

.stab.excl
 *(.stab.excl)

.stab.exclstr
 *(.stab.exclstr)

.stab.index
 *(.stab.index)

.stab.indexstr
 *(.stab.indexstr)

.comment        0x00000000       0x30
 *(.comment)
 .comment       0x00000000       0x30 ArduinoMicroToturial.o
                                 0x31 (size before relaxing)
 .comment       0x00000000       0x31 ButtonInt.o
 .comment       0x00000000       0x31 SoftwareSerial.o
 .comment       0x00000000       0x31 SPI.o
 .comment       0x00000000       0x31 twi.o
 .comment       0x00000000       0x31 Wire.o

.note.gnu.build-id
 *(.note.gnu.build-id)

.debug
 *(.debug)

.line
 *(.line)

.debug_srcinfo
 *(.debug_srcinfo)

.debug_sfnames
 *(.debug_sfnames)

.debug_aranges  0x00000000      0x6c8
 *(.debug_aranges)
 .debug_aranges
                0x00000000       0x40 ArduinoMicroToturial.o
 .debug_aranges
                0x00000040       0x20 ButtonInt.o
 .debug_aranges
                0x00000060       0xa8 SoftwareSerial.o
 .debug_aranges
                0x00000108       0x40 SPI.o
 .debug_aranges
                0x00000148       0x70 twi.o
 .debug_aranges
                0x000001b8       0xd0 Wire.o
 .debug_aranges
                0x00000288       0x48 ../../../../ArduinoMicroCore\libcore.a(wiring.c.o)
 .debug_aranges
                0x000002d0       0x38 ../../../../ArduinoMicroCore\libcore.a(wiring_digital.c.o)
 .debug_aranges
                0x00000308       0x80 ../../../../ArduinoMicroCore\libcore.a(CDC.cpp.o)
 .debug_aranges
                0x00000388       0x30 ../../../../ArduinoMicroCore\libcore.a(main.cpp.o)
 .debug_aranges
                0x000003b8       0x58 ../../../../ArduinoMicroCore\libcore.a(new.cpp.o)
 .debug_aranges
                0x00000410       0xf0 ../../../../ArduinoMicroCore\libcore.a(Print.cpp.o)
 .debug_aranges
                0x00000500       0xc8 ../../../../ArduinoMicroCore\libcore.a(USBCore.cpp.o)
 .debug_aranges
                0x000005c8       0x28 ../../../../ArduinoMicroCore\libcore.a(malloc.c.o)
 .debug_aranges
                0x000005f0       0xd8 ../../../../ArduinoMicroCore\libcore.a(HID.cpp.o)

.debug_pubnames
                0x00000000      0xaf5
 *(.debug_pubnames)
 .debug_pubnames
                0x00000000       0x8d ../../../../ArduinoMicroCore\libcore.a(wiring.c.o)
 .debug_pubnames
                0x0000008d       0xf8 ../../../../ArduinoMicroCore\libcore.a(wiring_digital.c.o)
 .debug_pubnames
                0x00000185      0x118 ../../../../ArduinoMicroCore\libcore.a(CDC.cpp.o)
 .debug_pubnames
                0x0000029d       0x36 ../../../../ArduinoMicroCore\libcore.a(main.cpp.o)
 .debug_pubnames
                0x000002d3       0xbf ../../../../ArduinoMicroCore\libcore.a(new.cpp.o)
 .debug_pubnames
                0x00000392      0x200 ../../../../ArduinoMicroCore\libcore.a(Print.cpp.o)
 .debug_pubnames
                0x00000592      0x28c ../../../../ArduinoMicroCore\libcore.a(USBCore.cpp.o)
 .debug_pubnames
                0x0000081e       0x7f ../../../../ArduinoMicroCore\libcore.a(malloc.c.o)
 .debug_pubnames
                0x0000089d      0x258 ../../../../ArduinoMicroCore\libcore.a(HID.cpp.o)

.debug_info     0x00000000     0xbc75
 *(.debug_info .gnu.linkonce.wi.*)
 .debug_info    0x00000000      0x621 ArduinoMicroToturial.o
 .debug_info    0x00000621       0x7b ButtonInt.o
 .debug_info    0x0000069c     0x23b1 SoftwareSerial.o
 .debug_info    0x00002a4d      0x348 SPI.o
 .debug_info    0x00002d95      0x5b1 twi.o
 .debug_info    0x00003346     0x2011 Wire.o
 .debug_info    0x00005357      0x33e ../../../../ArduinoMicroCore\libcore.a(wiring.c.o)
 .debug_info    0x00005695      0x5bf ../../../../ArduinoMicroCore\libcore.a(wiring_digital.c.o)
 .debug_info    0x00005c54     0x1a50 ../../../../ArduinoMicroCore\libcore.a(CDC.cpp.o)
 .debug_info    0x000076a4      0x250 ../../../../ArduinoMicroCore\libcore.a(main.cpp.o)
 .debug_info    0x000078f4      0x195 ../../../../ArduinoMicroCore\libcore.a(new.cpp.o)
 .debug_info    0x00007a89     0x1d3a ../../../../ArduinoMicroCore\libcore.a(Print.cpp.o)
 .debug_info    0x000097c3     0x14a5 ../../../../ArduinoMicroCore\libcore.a(USBCore.cpp.o)
 .debug_info    0x0000ac68      0x229 ../../../../ArduinoMicroCore\libcore.a(malloc.c.o)
 .debug_info    0x0000ae91      0xde4 ../../../../ArduinoMicroCore\libcore.a(HID.cpp.o)

.debug_abbrev   0x00000000     0x26d1
 *(.debug_abbrev)
 .debug_abbrev  0x00000000      0x226 ArduinoMicroToturial.o
 .debug_abbrev  0x00000226       0x45 ButtonInt.o
 .debug_abbrev  0x0000026b      0x5f2 SoftwareSerial.o
 .debug_abbrev  0x0000085d      0x174 SPI.o
 .debug_abbrev  0x000009d1      0x251 twi.o
 .debug_abbrev  0x00000c22      0x4e7 Wire.o
 .debug_abbrev  0x00001109      0x17d ../../../../ArduinoMicroCore\libcore.a(wiring.c.o)
 .debug_abbrev  0x00001286      0x167 ../../../../ArduinoMicroCore\libcore.a(wiring_digital.c.o)
 .debug_abbrev  0x000013ed      0x380 ../../../../ArduinoMicroCore\libcore.a(CDC.cpp.o)
 .debug_abbrev  0x0000176d      0x137 ../../../../ArduinoMicroCore\libcore.a(main.cpp.o)
 .debug_abbrev  0x000018a4       0xf7 ../../../../ArduinoMicroCore\libcore.a(new.cpp.o)
 .debug_abbrev  0x0000199b      0x323 ../../../../ArduinoMicroCore\libcore.a(Print.cpp.o)
 .debug_abbrev  0x00001cbe      0x49a ../../../../ArduinoMicroCore\libcore.a(USBCore.cpp.o)
 .debug_abbrev  0x00002158      0x10d ../../../../ArduinoMicroCore\libcore.a(malloc.c.o)
 .debug_abbrev  0x00002265      0x46c ../../../../ArduinoMicroCore\libcore.a(HID.cpp.o)

.debug_line     0x00000000     0x3c90
 *(.debug_line .debug_line.* .debug_line_end)
 .debug_line    0x00000000      0x23d ArduinoMicroToturial.o
 .debug_line    0x0000023d       0x43 ButtonInt.o
 .debug_line    0x00000280      0x433 SoftwareSerial.o
 .debug_line    0x000006b3      0x141 SPI.o
 .debug_line    0x000007f4      0x252 twi.o
 .debug_line    0x00000a46      0x35d Wire.o
 .debug_line    0x00000da3      0x3f0 ../../../../ArduinoMicroCore\libcore.a(wiring.c.o)
 .debug_line    0x00001193      0x330 ../../../../ArduinoMicroCore\libcore.a(wiring_digital.c.o)
 .debug_line    0x000014c3      0x4f8 ../../../../ArduinoMicroCore\libcore.a(CDC.cpp.o)
 .debug_line    0x000019bb      0x208 ../../../../ArduinoMicroCore\libcore.a(main.cpp.o)
 .debug_line    0x00001bc3      0x220 ../../../../ArduinoMicroCore\libcore.a(new.cpp.o)
 .debug_line    0x00001de3      0x7fc ../../../../ArduinoMicroCore\libcore.a(Print.cpp.o)
 .debug_line    0x000025df      0xc0d ../../../../ArduinoMicroCore\libcore.a(USBCore.cpp.o)
 .debug_line    0x000031ec      0x348 ../../../../ArduinoMicroCore\libcore.a(malloc.c.o)
 .debug_line    0x00003534      0x75c ../../../../ArduinoMicroCore\libcore.a(HID.cpp.o)

.debug_frame    0x00000000      0xd5c
 *(.debug_frame)
 .debug_frame   0x00000000       0x80 ArduinoMicroToturial.o
 .debug_frame   0x00000080       0x24 ButtonInt.o
 .debug_frame   0x000000a4      0x210 SoftwareSerial.o
 .debug_frame   0x000002b4       0x64 SPI.o
 .debug_frame   0x00000318      0x114 twi.o
 .debug_frame   0x0000042c      0x1d0 Wire.o
 .debug_frame   0x000005fc       0x70 ../../../../ArduinoMicroCore\libcore.a(wiring.c.o)
 .debug_frame   0x0000066c       0x50 ../../../../ArduinoMicroCore\libcore.a(wiring_digital.c.o)
 .debug_frame   0x000006bc       0xe0 ../../../../ArduinoMicroCore\libcore.a(CDC.cpp.o)
 .debug_frame   0x0000079c       0x40 ../../../../ArduinoMicroCore\libcore.a(main.cpp.o)
 .debug_frame   0x000007dc       0x90 ../../../../ArduinoMicroCore\libcore.a(new.cpp.o)
 .debug_frame   0x0000086c      0x1c0 ../../../../ArduinoMicroCore\libcore.a(Print.cpp.o)
 .debug_frame   0x00000a2c      0x170 ../../../../ArduinoMicroCore\libcore.a(USBCore.cpp.o)
 .debug_frame   0x00000b9c       0x30 ../../../../ArduinoMicroCore\libcore.a(malloc.c.o)
 .debug_frame   0x00000bcc      0x190 ../../../../ArduinoMicroCore\libcore.a(HID.cpp.o)

.debug_str      0x00000000     0x2e5d
 *(.debug_str)
 .debug_str     0x00000000      0x320 ArduinoMicroToturial.o
                                0x386 (size before relaxing)
 .debug_str     0x00000320       0x13 ButtonInt.o
                                0x1bb (size before relaxing)
 .debug_str     0x00000333     0x1051 SoftwareSerial.o
                               0x1344 (size before relaxing)
 .debug_str     0x00001384      0x152 SPI.o
                                0x32b (size before relaxing)
 .debug_str     0x000014d6      0x245 twi.o
                                0x351 (size before relaxing)
 .debug_str     0x0000171b      0x468 Wire.o
                               0x12e0 (size before relaxing)
 .debug_str     0x00001b83       0xa9 ../../../../ArduinoMicroCore\libcore.a(wiring.c.o)
                                0x150 (size before relaxing)
 .debug_str     0x00001c2c       0xb0 ../../../../ArduinoMicroCore\libcore.a(wiring_digital.c.o)
                                0x1d5 (size before relaxing)
 .debug_str     0x00001cdc      0x377 ../../../../ArduinoMicroCore\libcore.a(CDC.cpp.o)
                               0x100f (size before relaxing)
 .debug_str     0x00002053       0xfe ../../../../ArduinoMicroCore\libcore.a(main.cpp.o)
                                0x19c (size before relaxing)
 .debug_str     0x00002151       0xf5 ../../../../ArduinoMicroCore\libcore.a(new.cpp.o)
                                0x133 (size before relaxing)
 .debug_str     0x00002246      0x396 ../../../../ArduinoMicroCore\libcore.a(Print.cpp.o)
                                0xd51 (size before relaxing)
 .debug_str     0x000025dc      0x46e ../../../../ArduinoMicroCore\libcore.a(USBCore.cpp.o)
                                0x6cf (size before relaxing)
 .debug_str     0x00002a4a       0xe0 ../../../../ArduinoMicroCore\libcore.a(malloc.c.o)
                                0x15f (size before relaxing)
 .debug_str     0x00002b2a      0x333 ../../../../ArduinoMicroCore\libcore.a(HID.cpp.o)
                                0x59e (size before relaxing)

.debug_loc      0x00000000     0x3f9c
 *(.debug_loc)
 .debug_loc     0x00000000       0x6b ArduinoMicroToturial.o
 .debug_loc     0x0000006b      0xd05 SoftwareSerial.o
 .debug_loc     0x00000d70       0x5b SPI.o
 .debug_loc     0x00000dcb      0x3e7 twi.o
 .debug_loc     0x000011b2      0x8a8 Wire.o
 .debug_loc     0x00001a5a      0x16d ../../../../ArduinoMicroCore\libcore.a(wiring.c.o)
 .debug_loc     0x00001bc7      0x223 ../../../../ArduinoMicroCore\libcore.a(wiring_digital.c.o)
 .debug_loc     0x00001dea      0x287 ../../../../ArduinoMicroCore\libcore.a(CDC.cpp.o)
 .debug_loc     0x00002071       0x18 ../../../../ArduinoMicroCore\libcore.a(main.cpp.o)
 .debug_loc     0x00002089       0xb0 ../../../../ArduinoMicroCore\libcore.a(new.cpp.o)
 .debug_loc     0x00002139      0xd68 ../../../../ArduinoMicroCore\libcore.a(Print.cpp.o)
 .debug_loc     0x00002ea1      0x828 ../../../../ArduinoMicroCore\libcore.a(USBCore.cpp.o)
 .debug_loc     0x000036c9      0x358 ../../../../ArduinoMicroCore\libcore.a(malloc.c.o)
 .debug_loc     0x00003a21      0x57b ../../../../ArduinoMicroCore\libcore.a(HID.cpp.o)

.debug_macinfo
 *(.debug_macinfo)

.debug_weaknames
 *(.debug_weaknames)

.debug_funcnames
 *(.debug_funcnames)

.debug_typenames
 *(.debug_typenames)

.debug_varnames
 *(.debug_varnames)

.debug_pubtypes
 *(.debug_pubtypes)

.debug_ranges   0x00000000      0x6e0
 *(.debug_ranges)
 .debug_ranges  0x00000000       0x30 ArduinoMicroToturial.o
 .debug_ranges  0x00000030       0x10 ButtonInt.o
 .debug_ranges  0x00000040       0xb0 SoftwareSerial.o
 .debug_ranges  0x000000f0       0x30 SPI.o
 .debug_ranges  0x00000120       0x60 twi.o
 .debug_ranges  0x00000180       0xc0 Wire.o
 .debug_ranges  0x00000240       0x40 ../../../../ArduinoMicroCore\libcore.a(wiring.c.o)
 .debug_ranges  0x00000280       0x30 ../../../../ArduinoMicroCore\libcore.a(wiring_digital.c.o)
 .debug_ranges  0x000002b0       0x78 ../../../../ArduinoMicroCore\libcore.a(CDC.cpp.o)
 .debug_ranges  0x00000328       0x28 ../../../../ArduinoMicroCore\libcore.a(main.cpp.o)
 .debug_ranges  0x00000350       0x50 ../../../../ArduinoMicroCore\libcore.a(new.cpp.o)
 .debug_ranges  0x000003a0       0xe8 ../../../../ArduinoMicroCore\libcore.a(Print.cpp.o)
 .debug_ranges  0x00000488      0x168 ../../../../ArduinoMicroCore\libcore.a(USBCore.cpp.o)
 .debug_ranges  0x000005f0       0x20 ../../../../ArduinoMicroCore\libcore.a(malloc.c.o)
 .debug_ranges  0x00000610       0xd0 ../../../../ArduinoMicroCore\libcore.a(HID.cpp.o)

.debug_macro
 *(.debug_macro)
OUTPUT(ArduinoMicroToturial.elf elf32-avr)
LOAD linker stubs
